../Core/Src/main.c:58:6:ResetI2C	16	static
../Core/Src/main.c:87:5:main	112	static
../Core/Src/main.c:176:6:SystemClock_Config	88	static
../Core/Src/main.c:227:13:MX_I2C1_Init	8	static
../Core/Src/main.c:261:13:MX_TIM1_Init	32	static
../Core/Src/main.c:310:13:MX_GPIO_Init	48	static
../Core/Src/main.c:361:6:StartDefaultTask	16	static
../Core/Src/main.c:379:6:IRTask_Start	16	static
../Core/Src/main.c:409:6:I2CSendTask_Start	16	static
../Core/Src/main.c:447:6:HAL_TIM_PeriodElapsedCallback	16	static
../Core/Src/main.c:464:6:Error_Handler	4	static,ignoring_inline_asm
